components/dashboard/branch-admin-dashboard.tsx(212,9): error TS1003: Identifier expected.
components/dashboard/branch-admin-dashboard.tsx(222,7): error TS1003: Identifier expected.
