app/api/v1/branch/inventory/route.ts(136,14): error TS18046: 'results' is of type 'unknown'.
app/api/v1/branch/inventory/route.ts(138,16): error TS18046: 'results' is of type 'unknown'.
app/api/v1/branch/inventory/route.ts(141,31): error TS18046: 'results' is of type 'unknown'.
app/api/v1/mfa/login/send-otp/route.ts(61,16): error TS2339: Property 'success' does not exist on type '{ error: string; status: number; } | { status: number; success: boolean; message: string; remainingAttempts?: number | undefined; cooldownUntil?: Date | undefined; error?: undefined; }'.
  Property 'success' does not exist on type '{ error: string; status: number; }'.
app/api/v1/mfa/login/send-otp/route.ts(63,25): error TS2339: Property 'message' does not exist on type '{ error: string; status: number; } | { status: number; success: boolean; message: string; remainingAttempts?: number | undefined; cooldownUntil?: Date | undefined; error?: undefined; }'.
  Property 'message' does not exist on type '{ error: string; status: number; }'.
app/api/v1/mfa/login/send-otp/route.ts(64,31): error TS2339: Property 'cooldownUntil' does not exist on type '{ error: string; status: number; } | { status: number; success: boolean; message: string; remainingAttempts?: number | undefined; cooldownUntil?: Date | undefined; error?: undefined; }'.
  Property 'cooldownUntil' does not exist on type '{ error: string; status: number; }'.
app/api/v1/mfa/login/send-otp/route.ts(67,48): error TS2339: Property 'message' does not exist on type '{ error: string; status: number; } | { status: number; success: boolean; message: string; remainingAttempts?: number | undefined; cooldownUntil?: Date | undefined; error?: undefined; }'.
  Property 'message' does not exist on type '{ error: string; status: number; }'.
app/api/v1/mfa/login/verify-otp/route.ts(65,16): error TS2339: Property 'success' does not exist on type '{ error: string; status: number; } | { userId: string; success: boolean; message: string; remainingAttempts?: number | undefined; cooldownUntil?: Date | undefined; error?: undefined; status?: undefined; }'.
  Property 'success' does not exist on type '{ error: string; status: number; }'.
app/api/v1/mfa/login/verify-otp/route.ts(67,25): error TS2339: Property 'message' does not exist on type '{ error: string; status: number; } | { userId: string; success: boolean; message: string; remainingAttempts?: number | undefined; cooldownUntil?: Date | undefined; error?: undefined; status?: undefined; }'.
  Property 'message' does not exist on type '{ error: string; status: number; }'.
app/api/v1/mfa/login/verify-otp/route.ts(69,24): error TS2339: Property 'userId' does not exist on type '{ error: string; status: number; } | { userId: string; success: boolean; message: string; remainingAttempts?: number | undefined; cooldownUntil?: Date | undefined; error?: undefined; status?: undefined; }'.
  Property 'userId' does not exist on type '{ error: string; status: number; }'.
app/api/v1/mfa/login/verify-otp/route.ts(72,35): error TS2339: Property 'remainingAttempts' does not exist on type '{ error: string; status: number; } | { userId: string; success: boolean; message: string; remainingAttempts?: number | undefined; cooldownUntil?: Date | undefined; error?: undefined; status?: undefined; }'.
  Property 'remainingAttempts' does not exist on type '{ error: string; status: number; }'.
app/api/v1/mfa/login/verify-otp/route.ts(72,81): error TS2339: Property 'remainingAttempts' does not exist on type '{ error: string; status: number; } | { userId: string; success: boolean; message: string; remainingAttempts?: number | undefined; cooldownUntil?: Date | undefined; error?: undefined; status?: undefined; }'.
  Property 'remainingAttempts' does not exist on type '{ error: string; status: number; }'.
app/api/v1/mfa/login/verify-otp/route.ts(73,48): error TS2339: Property 'message' does not exist on type '{ error: string; status: number; } | { userId: string; success: boolean; message: string; remainingAttempts?: number | undefined; cooldownUntil?: Date | undefined; error?: undefined; status?: undefined; }'.
  Property 'message' does not exist on type '{ error: string; status: number; }'.
app/api/v1/settings/route.ts(97,14): error TS2304: Cannot find name 'err'.
scripts/refactor-api-safe.ts(1,54): error TS2307: Cannot find module 'ts-morph' or its corresponding type declarations.
scripts/refactor-api.ts(1,53): error TS2307: Cannot find module 'ts-morph' or its corresponding type declarations.
